Archive member included to satisfy reference by file (symbol)

/opt/st/stm32cubeide_1.8.0/plugins/com.st.stm32cube.ide.mcu.externaltools.gnu-tools-for-stm32.9-2020-q2-update.linux64_2.0.0.202105311346/tools/bin/../lib/gcc/arm-none-eabi/9.3.1/../../../../arm-none-eabi/lib/thumb/v6-m/nofp/libc_nano.a(lib_a-errno.o)
                              ./Core/Src/syscalls.o (__errno)
/opt/st/stm32cubeide_1.8.0/plugins/com.st.stm32cube.ide.mcu.externaltools.gnu-tools-for-stm32.9-2020-q2-update.linux64_2.0.0.202105311346/tools/bin/../lib/gcc/arm-none-eabi/9.3.1/../../../../arm-none-eabi/lib/thumb/v6-m/nofp/libc_nano.a(lib_a-exit.o)
                              /opt/st/stm32cubeide_1.8.0/plugins/com.st.stm32cube.ide.mcu.externaltools.gnu-tools-for-stm32.9-2020-q2-update.linux64_2.0.0.202105311346/tools/bin/../lib/gcc/arm-none-eabi/9.3.1/../../../../arm-none-eabi/lib/thumb/v6-m/nofp/crt0.o (exit)
/opt/st/stm32cubeide_1.8.0/plugins/com.st.stm32cube.ide.mcu.externaltools.gnu-tools-for-stm32.9-2020-q2-update.linux64_2.0.0.202105311346/tools/bin/../lib/gcc/arm-none-eabi/9.3.1/../../../../arm-none-eabi/lib/thumb/v6-m/nofp/libc_nano.a(lib_a-impure.o)
                              /opt/st/stm32cubeide_1.8.0/plugins/com.st.stm32cube.ide.mcu.externaltools.gnu-tools-for-stm32.9-2020-q2-update.linux64_2.0.0.202105311346/tools/bin/../lib/gcc/arm-none-eabi/9.3.1/../../../../arm-none-eabi/lib/thumb/v6-m/nofp/libc_nano.a(lib_a-exit.o) (_global_impure_ptr)
/opt/st/stm32cubeide_1.8.0/plugins/com.st.stm32cube.ide.mcu.externaltools.gnu-tools-for-stm32.9-2020-q2-update.linux64_2.0.0.202105311346/tools/bin/../lib/gcc/arm-none-eabi/9.3.1/../../../../arm-none-eabi/lib/thumb/v6-m/nofp/libc_nano.a(lib_a-init.o)
                              /opt/st/stm32cubeide_1.8.0/plugins/com.st.stm32cube.ide.mcu.externaltools.gnu-tools-for-stm32.9-2020-q2-update.linux64_2.0.0.202105311346/tools/bin/../lib/gcc/arm-none-eabi/9.3.1/../../../../arm-none-eabi/lib/thumb/v6-m/nofp/crt0.o (__libc_init_array)
/opt/st/stm32cubeide_1.8.0/plugins/com.st.stm32cube.ide.mcu.externaltools.gnu-tools-for-stm32.9-2020-q2-update.linux64_2.0.0.202105311346/tools/bin/../lib/gcc/arm-none-eabi/9.3.1/../../../../arm-none-eabi/lib/thumb/v6-m/nofp/libc_nano.a(lib_a-memset.o)
                              /opt/st/stm32cubeide_1.8.0/plugins/com.st.stm32cube.ide.mcu.externaltools.gnu-tools-for-stm32.9-2020-q2-update.linux64_2.0.0.202105311346/tools/bin/../lib/gcc/arm-none-eabi/9.3.1/../../../../arm-none-eabi/lib/thumb/v6-m/nofp/crt0.o (memset)
/opt/st/stm32cubeide_1.8.0/plugins/com.st.stm32cube.ide.mcu.externaltools.gnu-tools-for-stm32.9-2020-q2-update.linux64_2.0.0.202105311346/tools/bin/../lib/gcc/arm-none-eabi/9.3.1/thumb/v6-m/nofp/libgcc.a(_udivsi3.o)
                              ./Core/Src/system_stm32g0xx.o (__aeabi_uidiv)
/opt/st/stm32cubeide_1.8.0/plugins/com.st.stm32cube.ide.mcu.externaltools.gnu-tools-for-stm32.9-2020-q2-update.linux64_2.0.0.202105311346/tools/bin/../lib/gcc/arm-none-eabi/9.3.1/thumb/v6-m/nofp/libgcc.a(_dvmd_tls.o)
                              /opt/st/stm32cubeide_1.8.0/plugins/com.st.stm32cube.ide.mcu.externaltools.gnu-tools-for-stm32.9-2020-q2-update.linux64_2.0.0.202105311346/tools/bin/../lib/gcc/arm-none-eabi/9.3.1/thumb/v6-m/nofp/libgcc.a(_udivsi3.o) (__aeabi_idiv0)

Allocating common symbols
Common symbol       size              file

uwTick              0x4               ./Drivers/STM32G0xx_HAL_Driver/Src/stm32g0xx_hal.o
htim2               0x4c              ./Core/Src/main.o

Discarded input sections

 .text          0x0000000000000000        0x0 /opt/st/stm32cubeide_1.8.0/plugins/com.st.stm32cube.ide.mcu.externaltools.gnu-tools-for-stm32.9-2020-q2-update.linux64_2.0.0.202105311346/tools/bin/../lib/gcc/arm-none-eabi/9.3.1/thumb/v6-m/nofp/crti.o
 .data          0x0000000000000000        0x0 /opt/st/stm32cubeide_1.8.0/plugins/com.st.stm32cube.ide.mcu.externaltools.gnu-tools-for-stm32.9-2020-q2-update.linux64_2.0.0.202105311346/tools/bin/../lib/gcc/arm-none-eabi/9.3.1/thumb/v6-m/nofp/crti.o
 .bss           0x0000000000000000        0x0 /opt/st/stm32cubeide_1.8.0/plugins/com.st.stm32cube.ide.mcu.externaltools.gnu-tools-for-stm32.9-2020-q2-update.linux64_2.0.0.202105311346/tools/bin/../lib/gcc/arm-none-eabi/9.3.1/thumb/v6-m/nofp/crti.o
 .data          0x0000000000000000        0x4 /opt/st/stm32cubeide_1.8.0/plugins/com.st.stm32cube.ide.mcu.externaltools.gnu-tools-for-stm32.9-2020-q2-update.linux64_2.0.0.202105311346/tools/bin/../lib/gcc/arm-none-eabi/9.3.1/thumb/v6-m/nofp/crtbegin.o
 .text          0x0000000000000000       0x80 /opt/st/stm32cubeide_1.8.0/plugins/com.st.stm32cube.ide.mcu.externaltools.gnu-tools-for-stm32.9-2020-q2-update.linux64_2.0.0.202105311346/tools/bin/../lib/gcc/arm-none-eabi/9.3.1/../../../../arm-none-eabi/lib/thumb/v6-m/nofp/crt0.o
[...]
Memory Configuration

Name             Origin             Length             Attributes
RAM              0x0000000020000000 0x0000000000024000 xrw
FLASH            0x0000000008000000 0x0000000000080000 xr
*default*        0x0000000000000000 0xffffffffffffffff

Linker script and memory map

LOAD /opt/st/stm32cubeide_1.8.0/plugins/com.st.stm32cube.ide.mcu.externaltools.gnu-tools-for-stm32.9-2020-q2-update.linux64_2.0.0.202105311346/tools/bin/../lib/gcc/arm-none-eabi/9.3.1/thumb/v6-m/nofp/crti.o
LOAD /opt/st/stm32cubeide_1.8.0/plugins/com.st.stm32cube.ide.mcu.externaltools.gnu-tools-for-stm32.9-2020-q2-update.linux64_2.0.0.202105311346/tools/bin/../lib/gcc/arm-none-eabi/9.3.1/thumb/v6-m/nofp/crtbegin.o
LOAD /opt/st/stm32cubeide_1.8.0/plugins/com.st.stm32cube.ide.mcu.externaltools.gnu-tools-for-stm32.9-2020-q2-update.linux64_2.0.0.202105311346/tools/bin/../lib/gcc/arm-none-eabi/9.3.1/../../../../arm-none-eabi/lib/thumb/v6-m/nofp/crt0.o
LOAD ./Core/Src/main.o
LOAD ./Core/Src/stm32g0xx_hal_msp.o
LOAD ./Core/Src/stm32g0xx_it.o
LOAD ./Core/Src/syscalls.o
LOAD ./Core/Src/sysmem.o
LOAD ./Core/Src/system_stm32g0xx.o
LOAD ./Core/Startup/startup_stm32g0b1retx.o
LOAD ./Drivers/STM32G0xx_HAL_Driver/Src/stm32g0xx_hal.o
LOAD ./Drivers/STM32G0xx_HAL_Driver/Src/stm32g0xx_hal_cortex.o
LOAD ./Drivers/STM32G0xx_HAL_Driver/Src/stm32g0xx_hal_dma.o
LOAD ./Drivers/STM32G0xx_HAL_Driver/Src/stm32g0xx_hal_dma_ex.o
LOAD ./Drivers/STM32G0xx_HAL_Driver/Src/stm32g0xx_hal_exti.o
LOAD ./Drivers/STM32G0xx_HAL_Driver/Src/stm32g0xx_hal_flash.o
LOAD ./Drivers/STM32G0xx_HAL_Driver/Src/stm32g0xx_hal_flash_ex.o
LOAD ./Drivers/STM32G0xx_HAL_Driver/Src/stm32g0xx_hal_gpio.o
LOAD ./Drivers/STM32G0xx_HAL_Driver/Src/stm32g0xx_hal_pwr.o
LOAD ./Drivers/STM32G0xx_HAL_Driver/Src/stm32g0xx_hal_pwr_ex.o
LOAD ./Drivers/STM32G0xx_HAL_Driver/Src/stm32g0xx_hal_rcc.o
LOAD ./Drivers/STM32G0xx_HAL_Driver/Src/stm32g0xx_hal_rcc_ex.o
LOAD ./Drivers/STM32G0xx_HAL_Driver/Src/stm32g0xx_hal_tim.o
LOAD ./Drivers/STM32G0xx_HAL_Driver/Src/stm32g0xx_hal_tim_ex.o
LOAD ./Drivers/STM32G0xx_HAL_Driver/Src/stm32g0xx_ll_dma.o
LOAD ./Drivers/STM32G0xx_HAL_Driver/Src/stm32g0xx_ll_rcc.o
START GROUP
LOAD /opt/st/stm32cubeide_1.8.0/plugins/com.st.stm32cube.ide.mcu.externaltools.gnu-tools-for-stm32.9-2020-q2-update.linux64_2.0.0.202105311346/tools/bin/../lib/gcc/arm-none-eabi/9.3.1/../../../../arm-none-eabi/lib/thumb/v6-m/nofp/libc_nano.a
LOAD /opt/st/stm32cubeide_1.8.0/plugins/com.st.stm32cube.ide.mcu.externaltools.gnu-tools-for-stm32.9-2020-q2-update.linux64_2.0.0.202105311346/tools/bin/../lib/gcc/arm-none-eabi/9.3.1/../../../../arm-none-eabi/lib/thumb/v6-m/nofp/libm.a
END GROUP
START GROUP
LOAD /opt/st/stm32cubeide_1.8.0/plugins/com.st.stm32cube.ide.mcu.externaltools.gnu-tools-for-stm32.9-2020-q2-update.linux64_2.0.0.202105311346/tools/bin/../lib/gcc/arm-none-eabi/9.3.1/thumb/v6-m/nofp/libgcc.a
LOAD /opt/st/stm32cubeide_1.8.0/plugins/com.st.stm32cube.ide.mcu.externaltools.gnu-tools-for-stm32.9-2020-q2-update.linux64_2.0.0.202105311346/tools/bin/../lib/gcc/arm-none-eabi/9.3.1/../../../../arm-none-eabi/lib/thumb/v6-m/nofp/libc_nano.a
END GROUP
START GROUP
LOAD /opt/st/stm32cubeide_1.8.0/plugins/com.st.stm32cube.ide.mcu.externaltools.gnu-tools-for-stm32.9-2020-q2-update.linux64_2.0.0.202105311346/tools/bin/../lib/gcc/arm-none-eabi/9.3.1/thumb/v6-m/nofp/libgcc.a
LOAD /opt/st/stm32cubeide_1.8.0/plugins/com.st.stm32cube.ide.mcu.externaltools.gnu-tools-for-stm32.9-2020-q2-update.linux64_2.0.0.202105311346/tools/bin/../lib/gcc/arm-none-eabi/9.3.1/../../../../arm-none-eabi/lib/thumb/v6-m/nofp/libc_nano.a
LOAD /opt/st/stm32cubeide_1.8.0/plugins/com.st.stm32cube.ide.mcu.externaltools.gnu-tools-for-stm32.9-2020-q2-update.linux64_2.0.0.202105311346/tools/bin/../lib/gcc/arm-none-eabi/9.3.1/../../../../arm-none-eabi/lib/thumb/v6-m/nofp/libnosys.a
END GROUP
START GROUP
LOAD /opt/st/stm32cubeide_1.8.0/plugins/com.st.stm32cube.ide.mcu.externaltools.gnu-tools-for-stm32.9-2020-q2-update.linux64_2.0.0.202105311346/tools/bin/../lib/gcc/arm-none-eabi/9.3.1/thumb/v6-m/nofp/libgcc.a
LOAD /opt/st/stm32cubeide_1.8.0/plugins/com.st.stm32cube.ide.mcu.externaltools.gnu-tools-for-stm32.9-2020-q2-update.linux64_2.0.0.202105311346/tools/bin/../lib/gcc/arm-none-eabi/9.3.1/../../../../arm-none-eabi/lib/thumb/v6-m/nofp/libc_nano.a
LOAD /opt/st/stm32cubeide_1.8.0/plugins/com.st.stm32cube.ide.mcu.externaltools.gnu-tools-for-stm32.9-2020-q2-update.linux64_2.0.0.202105311346/tools/bin/../lib/gcc/arm-none-eabi/9.3.1/../../../../arm-none-eabi/lib/thumb/v6-m/nofp/libnosys.a
END GROUP
LOAD /opt/st/stm32cubeide_1.8.0/plugins/com.st.stm32cube.ide.mcu.externaltools.gnu-tools-for-stm32.9-2020-q2-update.linux64_2.0.0.202105311346/tools/bin/../lib/gcc/arm-none-eabi/9.3.1/thumb/v6-m/nofp/crtend.o
LOAD /opt/st/stm32cubeide_1.8.0/plugins/com.st.stm32cube.ide.mcu.externaltools.gnu-tools-for-stm32.9-2020-q2-update.linux64_2.0.0.202105311346/tools/bin/../lib/gcc/arm-none-eabi/9.3.1/thumb/v6-m/nofp/crtn.o
                0x0000000020024000                _estack = (ORIGIN (RAM) + LENGTH (RAM))
                0x0000000000000200                _Min_Heap_Size = 0x200
                0x0000000000000400                _Min_Stack_Size = 0x400

.isr_vector     0x0000000008000000       0xbc
                0x0000000008000000                . = ALIGN (0x4)
 *(.isr_vector)
 .isr_vector    0x0000000008000000       0xbc ./Core/Startup/startup_stm32g0b1retx.o
                0x0000000008000000                g_pfnVectors
                0x00000000080000bc                . = ALIGN (0x4)

.text           0x00000000080000bc     0x2028
                0x00000000080000bc                . = ALIGN (0x4)
 *(.text)
 .text          0x00000000080000bc       0x48 /opt/st/stm32cubeide_1.8.0/plugins/com.st.stm32cube.ide.mcu.externaltools.gnu-tools-for-stm32.9-2020-q2-update.linux64_2.0.0.202105311346/tools/bin/../lib/gcc/arm-none-eabi/9.3.1/thumb/v6-m/nofp/crtbegin.o
 .text          0x0000000008000104      0x114 /opt/st/stm32cubeide_1.8.0/plugins/com.st.stm32cube.ide.mcu.externaltools.gnu-tools-for-stm32.9-2020-q2-update.linux64_2.0.0.202105311346/tools/bin/../lib/gcc/arm-none-eabi/9.3.1/thumb/v6-m/nofp/libgcc.a(_udivsi3.o)
                0x0000000008000104                __udivsi3
                0x0000000008000104                __aeabi_uidiv
                0x0000000008000210                __aeabi_uidivmod
 .text          0x0000000008000218        0x4 /opt/st/stm32cubeide_1.8.0/plugins/com.st.stm32cube.ide.mcu.externaltools.gnu-tools-for-stm32.9-2020-q2-update.linux64_2.0.0.202105311346/tools/bin/../lib/gcc/arm-none-eabi/9.3.1/thumb/v6-m/nofp/libgcc.a(_dvmd_tls.o)
                0x0000000008000218                __aeabi_ldiv0
                0x0000000008000218                __aeabi_idiv0
 *(.text*)
 .text.HAL_TIM_PeriodElapsedCallback
                0x000000000800021c       0x1c ./Core/Src/main.o
                0x000000000800021c                HAL_TIM_PeriodElapsedCallback
 .text.HAL_GPIO_EXTI_Rising_Callback
                0x0000000008000238       0x74 ./Core/Src/main.o
                0x0000000008000238                HAL_GPIO_EXTI_Rising_Callback
 .text.main     0x00000000080002ac       0x24 ./Core/Src/main.o
                0x00000000080002ac                main
 .text.SystemClock_Config
                0x00000000080002d0       0xbc ./Core/Src/main.o
                0x00000000080002d0                SystemClock_Config
 .text.MX_TIM2_Init
                0x000000000800038c       0xac ./Core/Src/main.o
 .text.MX_GPIO_Init
                0x0000000008000438       0xc0 ./Core/Src/main.o
 .text.Error_Handler
                0x00000000080004f8        0xa ./Core/Src/main.o
                0x00000000080004f8                Error_Handler
 *fill*         0x0000000008000502        0x2 
 .text.HAL_MspInit
                0x0000000008000504       0x50 ./Core/Src/stm32g0xx_hal_msp.o
                0x0000000008000504                HAL_MspInit
 .text.HAL_TIM_Base_MspInit
                0x0000000008000554       0x48 ./Core/Src/stm32g0xx_hal_msp.o
                0x0000000008000554                HAL_TIM_Base_MspInit
 .text.NMI_Handler
                0x000000000800059c        0x6 ./Core/Src/stm32g0xx_it.o
                0x000000000800059c                NMI_Handler
 .text.HardFault_Handler
                0x00000000080005a2        0x6 ./Core/Src/stm32g0xx_it.o
                0x00000000080005a2                HardFault_Handler
 .text.SVC_Handler
                0x00000000080005a8        0xa ./Core/Src/stm32g0xx_it.o
                0x00000000080005a8                SVC_Handler
 .text.PendSV_Handler
                0x00000000080005b2        0xa ./Core/Src/stm32g0xx_it.o
                0x00000000080005b2                PendSV_Handler
 .text.SysTick_Handler
                0x00000000080005bc        0xe ./Core/Src/stm32g0xx_it.o
                0x00000000080005bc                SysTick_Handler
 .text.EXTI4_15_IRQHandler
                0x00000000080005ca       0x14 ./Core/Src/stm32g0xx_it.o
                0x00000000080005ca                EXTI4_15_IRQHandler
 *fill*         0x00000000080005de        0x2 
 .text.TIM2_IRQHandler
                0x00000000080005e0       0x18 ./Core/Src/stm32g0xx_it.o
                0x00000000080005e0                TIM2_IRQHandler
 .text.SystemInit
                0x00000000080005f8        0xa ./Core/Src/system_stm32g0xx.o
                0x00000000080005f8                SystemInit
 *fill*         0x0000000008000602        0x2 
 .text.Reset_Handler
                0x0000000008000604       0x50 ./Core/Startup/startup_stm32g0b1retx.o
                0x0000000008000604                Reset_Handler
 .text.Default_Handler
                0x0000000008000654        0x2 ./Core/Startup/startup_stm32g0b1retx.o
                0x0000000008000654                I2C2_3_IRQHandler
                0x0000000008000654                USART3_4_5_6_LPUART1_IRQHandler
                0x0000000008000654                TIM1_CC_IRQHandler
                0x0000000008000654                ADC1_COMP_IRQHandler
                0x0000000008000654                I2C1_IRQHandler
                0x0000000008000654                TIM7_LPTIM2_IRQHandler
                0x0000000008000654                TIM17_FDCAN_IT1_IRQHandler
                0x0000000008000654                DMA1_Ch4_7_DMA2_Ch1_5_DMAMUX1_OVR_IRQHandler
                0x0000000008000654                RCC_CRS_IRQHandler
                0x0000000008000654                RTC_TAMP_IRQHandler
                0x0000000008000654                SPI1_IRQHandler
                0x0000000008000654                USB_UCPD1_2_IRQHandler
                0x0000000008000654                EXTI2_3_IRQHandler
                0x0000000008000654                USART2_LPUART2_IRQHandler
                0x0000000008000654                PVD_VDDIO2_IRQHandler
                0x0000000008000654                DMA1_Channel1_IRQHandler
                0x0000000008000654                Default_Handler
                0x0000000008000654                CEC_IRQHandler
                0x0000000008000654                TIM14_IRQHandler
                0x0000000008000654                TIM15_IRQHandler
                0x0000000008000654                TIM3_TIM4_IRQHandler
                0x0000000008000654                EXTI0_1_IRQHandler
                0x0000000008000654                SPI2_3_IRQHandler
                0x0000000008000654                TIM6_DAC_LPTIM1_IRQHandler
                0x0000000008000654                WWDG_IRQHandler
                0x0000000008000654                DMA1_Channel2_3_IRQHandler
                0x0000000008000654                FLASH_IRQHandler
                0x0000000008000654                USART1_IRQHandler
                0x0000000008000654                TIM16_FDCAN_IT0_IRQHandler
                0x0000000008000654                TIM1_BRK_UP_TRG_COM_IRQHandler
 *fill*         0x0000000008000656        0x2 
 .text.HAL_Init
                0x0000000008000658       0x40 ./Drivers/STM32G0xx_HAL_Driver/Src/stm32g0xx_hal.o
                0x0000000008000658                HAL_Init
 .text.HAL_InitTick
                0x0000000008000698       0x94 ./Drivers/STM32G0xx_HAL_Driver/Src/stm32g0xx_hal.o
                0x0000000008000698                HAL_InitTick
 .text.HAL_IncTick
                0x000000000800072c       0x24 ./Drivers/STM32G0xx_HAL_Driver/Src/stm32g0xx_hal.o
                0x000000000800072c                HAL_IncTick
 .text.HAL_GetTick
                0x0000000008000750       0x14 ./Drivers/STM32G0xx_HAL_Driver/Src/stm32g0xx_hal.o
                0x0000000008000750                HAL_GetTick
 .text.HAL_SYSCFG_StrobeDBattpinsConfig
                0x0000000008000764       0x2c ./Drivers/STM32G0xx_HAL_Driver/Src/stm32g0xx_hal.o
                0x0000000008000764                HAL_SYSCFG_StrobeDBattpinsConfig
 .text.__NVIC_EnableIRQ
                0x0000000008000790       0x34 ./Drivers/STM32G0xx_HAL_Driver/Src/stm32g0xx_hal_cortex.o
 .text.__NVIC_SetPriority
                0x00000000080007c4       0xdc ./Drivers/STM32G0xx_HAL_Driver/Src/stm32g0xx_hal_cortex.o
 .text.SysTick_Config
                0x00000000080008a0       0x48 ./Drivers/STM32G0xx_HAL_Driver/Src/stm32g0xx_hal_cortex.o
 .text.HAL_NVIC_SetPriority
                0x00000000080008e8       0x2a ./Drivers/STM32G0xx_HAL_Driver/Src/stm32g0xx_hal_cortex.o
                0x00000000080008e8                HAL_NVIC_SetPriority
 .text.HAL_NVIC_EnableIRQ
                0x0000000008000912       0x20 ./Drivers/STM32G0xx_HAL_Driver/Src/stm32g0xx_hal_cortex.o
                0x0000000008000912                HAL_NVIC_EnableIRQ
 .text.HAL_SYSTICK_Config
                0x0000000008000932       0x1a ./Drivers/STM32G0xx_HAL_Driver/Src/stm32g0xx_hal_cortex.o
                0x0000000008000932                HAL_SYSTICK_Config
 .text.HAL_GPIO_Init
                0x000000000800094c      0x2d8 ./Drivers/STM32G0xx_HAL_Driver/Src/stm32g0xx_hal_gpio.o
                0x000000000800094c                HAL_GPIO_Init
 .text.HAL_GPIO_WritePin
                0x0000000008000c24       0x3a ./Drivers/STM32G0xx_HAL_Driver/Src/stm32g0xx_hal_gpio.o
                0x0000000008000c24                HAL_GPIO_WritePin
 .text.HAL_GPIO_TogglePin
                0x0000000008000c5e       0x36 ./Drivers/STM32G0xx_HAL_Driver/Src/stm32g0xx_hal_gpio.o
                0x0000000008000c5e                HAL_GPIO_TogglePin
 .text.HAL_GPIO_EXTI_IRQHandler
                0x0000000008000c94       0x54 ./Drivers/STM32G0xx_HAL_Driver/Src/stm32g0xx_hal_gpio.o
                0x0000000008000c94                HAL_GPIO_EXTI_IRQHandler
 .text.HAL_GPIO_EXTI_Falling_Callback
                0x0000000008000ce8       0x14 ./Drivers/STM32G0xx_HAL_Driver/Src/stm32g0xx_hal_gpio.o
                0x0000000008000ce8                HAL_GPIO_EXTI_Falling_Callback
 .text.HAL_PWREx_ControlVoltageScaling
                0x0000000008000cfc       0x80 ./Drivers/STM32G0xx_HAL_Driver/Src/stm32g0xx_hal_pwr_ex.o
                0x0000000008000cfc                HAL_PWREx_ControlVoltageScaling
 .text.HAL_RCC_OscConfig
                0x0000000008000d7c      0x6cc ./Drivers/STM32G0xx_HAL_Driver/Src/stm32g0xx_hal_rcc.o
                0x0000000008000d7c                HAL_RCC_OscConfig
 .text.HAL_RCC_ClockConfig
                0x0000000008001448      0x210 ./Drivers/STM32G0xx_HAL_Driver/Src/stm32g0xx_hal_rcc.o
                0x0000000008001448                HAL_RCC_ClockConfig
 .text.HAL_RCC_GetSysClockFreq
                0x0000000008001658      0x104 ./Drivers/STM32G0xx_HAL_Driver/Src/stm32g0xx_hal_rcc.o
                0x0000000008001658                HAL_RCC_GetSysClockFreq
 .text.HAL_TIM_Base_Init
                0x000000000800175c       0xb0 ./Drivers/STM32G0xx_HAL_Driver/Src/stm32g0xx_hal_tim.o
                0x000000000800175c                HAL_TIM_Base_Init
 .text.HAL_TIM_Base_Start_IT
                0x000000000800180c       0xc4 ./Drivers/STM32G0xx_HAL_Driver/Src/stm32g0xx_hal_tim.o
                0x000000000800180c                HAL_TIM_Base_Start_IT
 .text.HAL_TIM_IRQHandler
                0x00000000080018d0      0x264 ./Drivers/STM32G0xx_HAL_Driver/Src/stm32g0xx_hal_tim.o
                0x00000000080018d0                HAL_TIM_IRQHandler
 .text.HAL_TIM_ConfigClockSource
                0x0000000008001b34      0x198 ./Drivers/STM32G0xx_HAL_Driver/Src/stm32g0xx_hal_tim.o
                0x0000000008001b34                HAL_TIM_ConfigClockSource
 .text.HAL_TIM_OC_DelayElapsedCallback
                0x0000000008001ccc       0x10 ./Drivers/STM32G0xx_HAL_Driver/Src/stm32g0xx_hal_tim.o
                0x0000000008001ccc                HAL_TIM_OC_DelayElapsedCallback
 .text.HAL_TIM_IC_CaptureCallback
                0x0000000008001cdc       0x10 ./Drivers/STM32G0xx_HAL_Driver/Src/stm32g0xx_hal_tim.o
                0x0000000008001cdc                HAL_TIM_IC_CaptureCallback
 .text.HAL_TIM_PWM_PulseFinishedCallback
                0x0000000008001cec       0x10 ./Drivers/STM32G0xx_HAL_Driver/Src/stm32g0xx_hal_tim.o
                0x0000000008001cec                HAL_TIM_PWM_PulseFinishedCallback
 .text.HAL_TIM_TriggerCallback
                0x0000000008001cfc       0x10 ./Drivers/STM32G0xx_HAL_Driver/Src/stm32g0xx_hal_tim.o
                0x0000000008001cfc                HAL_TIM_TriggerCallback
 .text.TIM_Base_SetConfig
                0x0000000008001d0c      0x114 ./Drivers/STM32G0xx_HAL_Driver/Src/stm32g0xx_hal_tim.o
                0x0000000008001d0c                TIM_Base_SetConfig
 .text.TIM_TI1_ConfigInputStage
                0x0000000008001e20       0x5c ./Drivers/STM32G0xx_HAL_Driver/Src/stm32g0xx_hal_tim.o
 .text.TIM_TI2_ConfigInputStage
                0x0000000008001e7c       0x64 ./Drivers/STM32G0xx_HAL_Driver/Src/stm32g0xx_hal_tim.o
 .text.TIM_ITRx_SetConfig
                0x0000000008001ee0       0x38 ./Drivers/STM32G0xx_HAL_Driver/Src/stm32g0xx_hal_tim.o
 .text.TIM_ETR_SetConfig
                0x0000000008001f18       0x40 ./Drivers/STM32G0xx_HAL_Driver/Src/stm32g0xx_hal_tim.o
                0x0000000008001f18                TIM_ETR_SetConfig
 .text.HAL_TIMEx_MasterConfigSynchronization
                0x0000000008001f58       0xec ./Drivers/STM32G0xx_HAL_Driver/Src/stm32g0xx_hal_tim_ex.o
                0x0000000008001f58                HAL_TIMEx_MasterConfigSynchronization
 .text.HAL_TIMEx_CommutCallback
                0x0000000008002044       0x10 ./Drivers/STM32G0xx_HAL_Driver/Src/stm32g0xx_hal_tim_ex.o
                0x0000000008002044                HAL_TIMEx_CommutCallback
 .text.HAL_TIMEx_BreakCallback
                0x0000000008002054       0x10 ./Drivers/STM32G0xx_HAL_Driver/Src/stm32g0xx_hal_tim_ex.o
                0x0000000008002054                HAL_TIMEx_BreakCallback
 .text.HAL_TIMEx_Break2Callback
                0x0000000008002064       0x10 ./Drivers/STM32G0xx_HAL_Driver/Src/stm32g0xx_hal_tim_ex.o
                0x0000000008002064                HAL_TIMEx_Break2Callback
 .text.__libc_init_array
                0x0000000008002074       0x48 /opt/st/stm32cubeide_1.8.0/plugins/com.st.stm32cube.ide.mcu.externaltools.gnu-tools-for-stm32.9-2020-q2-update.linux64_2.0.0.202105311346/tools/bin/../lib/gcc/arm-none-eabi/9.3.1/../../../../arm-none-eabi/lib/thumb/v6-m/nofp/libc_nano.a(lib_a-init.o)
                0x0000000008002074                __libc_init_array
 .text.memset   0x00000000080020bc       0x10 /opt/st/stm32cubeide_1.8.0/plugins/com.st.stm32cube.ide.mcu.externaltools.gnu-tools-for-stm32.9-2020-q2-update.linux64_2.0.0.202105311346/tools/bin/../lib/gcc/arm-none-eabi/9.3.1/../../../../arm-none-eabi/lib/thumb/v6-m/nofp/libc_nano.a(lib_a-memset.o)
                0x00000000080020bc                memset
 *(.glue_7)
 .glue_7        0x00000000080020cc        0x0 linker stubs
 *(.glue_7t)
 .glue_7t       0x00000000080020cc        0x0 linker stubs
 *(.eh_frame)
 .eh_frame      0x00000000080020cc        0x0 /opt/st/stm32cubeide_1.8.0/plugins/com.st.stm32cube.ide.mcu.externaltools.gnu-tools-for-stm32.9-2020-q2-update.linux64_2.0.0.202105311346/tools/bin/../lib/gcc/arm-none-eabi/9.3.1/thumb/v6-m/nofp/crtbegin.o
 *(.init)
 .init          0x00000000080020cc        0x4 /opt/st/stm32cubeide_1.8.0/plugins/com.st.stm32cube.ide.mcu.externaltools.gnu-tools-for-stm32.9-2020-q2-update.linux64_2.0.0.202105311346/tools/bin/../lib/gcc/arm-none-eabi/9.3.1/thumb/v6-m/nofp/crti.o
                0x00000000080020cc                _init
 .init          0x00000000080020d0        0x8 /opt/st/stm32cubeide_1.8.0/plugins/com.st.stm32cube.ide.mcu.externaltools.gnu-tools-for-stm32.9-2020-q2-update.linux64_2.0.0.202105311346/tools/bin/../lib/gcc/arm-none-eabi/9.3.1/thumb/v6-m/nofp/crtn.o
 *(.fini)
 .fini          0x00000000080020d8        0x4 /opt/st/stm32cubeide_1.8.0/plugins/com.st.stm32cube.ide.mcu.externaltools.gnu-tools-for-stm32.9-2020-q2-update.linux64_2.0.0.202105311346/tools/bin/../lib/gcc/arm-none-eabi/9.3.1/thumb/v6-m/nofp/crti.o
                0x00000000080020d8                _fini
 .fini          0x00000000080020dc        0x8 /opt/st/stm32cubeide_1.8.0/plugins/com.st.stm32cube.ide.mcu.externaltools.gnu-tools-for-stm32.9-2020-q2-update.linux64_2.0.0.202105311346/tools/bin/../lib/gcc/arm-none-eabi/9.3.1/thumb/v6-m/nofp/crtn.o
                0x00000000080020e4                . = ALIGN (0x4)
                0x00000000080020e4                _etext = .

.vfp11_veneer   0x00000000080020e4        0x0
 .vfp11_veneer  0x00000000080020e4        0x0 linker stubs

.v4_bx          0x00000000080020e4        0x0
 .v4_bx         0x00000000080020e4        0x0 linker stubs

.iplt           0x00000000080020e4        0x0
 .iplt          0x00000000080020e4        0x0 /opt/st/stm32cubeide_1.8.0/plugins/com.st.stm32cube.ide.mcu.externaltools.gnu-tools-for-stm32.9-2020-q2-update.linux64_2.0.0.202105311346/tools/bin/../lib/gcc/arm-none-eabi/9.3.1/thumb/v6-m/nofp/crtbegin.o

.rodata         0x00000000080020e4       0x40
                0x00000000080020e4                . = ALIGN (0x4)
 *(.rodata)
 *(.rodata*)
 .rodata.AHBPrescTable
                0x00000000080020e4       0x40 ./Core/Src/system_stm32g0xx.o
                0x00000000080020e4                AHBPrescTable
                0x0000000008002124                . = ALIGN (0x4)

.rel.dyn        0x0000000008002124        0x0
 .rel.iplt      0x0000000008002124        0x0 /opt/st/stm32cubeide_1.8.0/plugins/com.st.stm32cube.ide.mcu.externaltools.gnu-tools-for-stm32.9-2020-q2-update.linux64_2.0.0.202105311346/tools/bin/../lib/gcc/arm-none-eabi/9.3.1/thumb/v6-m/nofp/crtbegin.o

.ARM.extab      0x0000000008002124        0x0
                0x0000000008002124                . = ALIGN (0x4)
 *(.ARM.extab* .gnu.linkonce.armextab.*)
                0x0000000008002124                . = ALIGN (0x4)

.ARM            0x0000000008002124        0x0
                0x0000000008002124                . = ALIGN (0x4)
                0x0000000008002124                __exidx_start = .
 *(.ARM.exidx*)
                0x0000000008002124                __exidx_end = .
                0x0000000008002124                . = ALIGN (0x4)

.preinit_array  0x0000000008002124        0x0
                0x0000000008002124                . = ALIGN (0x4)
                0x0000000008002124                PROVIDE (__preinit_array_start = .)
 *(.preinit_array*)
                0x0000000008002124                PROVIDE (__preinit_array_end = .)
                0x0000000008002124                . = ALIGN (0x4)

.init_array     0x0000000008002124        0x4
                0x0000000008002124                . = ALIGN (0x4)
                0x0000000008002124                PROVIDE (__init_array_start = .)
 *(SORT_BY_NAME(.init_array.*))
 *(.init_array*)
 .init_array    0x0000000008002124        0x4 /opt/st/stm32cubeide_1.8.0/plugins/com.st.stm32cube.ide.mcu.externaltools.gnu-tools-for-stm32.9-2020-q2-update.linux64_2.0.0.202105311346/tools/bin/../lib/gcc/arm-none-eabi/9.3.1/thumb/v6-m/nofp/crtbegin.o
                0x0000000008002128                PROVIDE (__init_array_end = .)
                0x0000000008002128                . = ALIGN (0x4)

.fini_array     0x0000000008002128        0x4
                0x0000000008002128                . = ALIGN (0x4)
                [!provide]                        PROVIDE (__fini_array_start = .)
 *(SORT_BY_NAME(.fini_array.*))
 *(.fini_array*)
 .fini_array    0x0000000008002128        0x4 /opt/st/stm32cubeide_1.8.0/plugins/com.st.stm32cube.ide.mcu.externaltools.gnu-tools-for-stm32.9-2020-q2-update.linux64_2.0.0.202105311346/tools/bin/../lib/gcc/arm-none-eabi/9.3.1/thumb/v6-m/nofp/crtbegin.o
                [!provide]                        PROVIDE (__fini_array_end = .)
                0x000000000800212c                . = ALIGN (0x4)
                0x000000000800212c                _sidata = LOADADDR (.data)

.data           0x0000000020000000        0xc load address 0x000000000800212c
                0x0000000020000000                . = ALIGN (0x4)
                0x0000000020000000                _sdata = .
 *(.data)
 *(.data*)
 .data.SystemCoreClock
                0x0000000020000000        0x4 ./Core/Src/system_stm32g0xx.o
                0x0000000020000000                SystemCoreClock
 .data.uwTickPrio
                0x0000000020000004        0x4 ./Drivers/STM32G0xx_HAL_Driver/Src/stm32g0xx_hal.o
                0x0000000020000004                uwTickPrio
 .data.uwTickFreq
                0x0000000020000008        0x1 ./Drivers/STM32G0xx_HAL_Driver/Src/stm32g0xx_hal.o
                0x0000000020000008                uwTickFreq
 *(.RamFunc)
 *(.RamFunc*)
                0x000000002000000c                . = ALIGN (0x4)
 *fill*         0x0000000020000009        0x3 
                0x000000002000000c                _edata = .

.igot.plt       0x000000002000000c        0x0 load address 0x0000000008002138
 .igot.plt      0x000000002000000c        0x0 /opt/st/stm32cubeide_1.8.0/plugins/com.st.stm32cube.ide.mcu.externaltools.gnu-tools-for-stm32.9-2020-q2-update.linux64_2.0.0.202105311346/tools/bin/../lib/gcc/arm-none-eabi/9.3.1/thumb/v6-m/nofp/crtbegin.o
                0x000000002000000c                . = ALIGN (0x4)

.bss            0x000000002000000c       0x70 load address 0x0000000008002138
                0x000000002000000c                _sbss = .
                0x000000002000000c                __bss_start__ = _sbss
 *(.bss)
 .bss           0x000000002000000c       0x1c /opt/st/stm32cubeide_1.8.0/plugins/com.st.stm32cube.ide.mcu.externaltools.gnu-tools-for-stm32.9-2020-q2-update.linux64_2.0.0.202105311346/tools/bin/../lib/gcc/arm-none-eabi/9.3.1/thumb/v6-m/nofp/crtbegin.o
 *(.bss*)
 .bss.contador  0x0000000020000028        0x1 ./Core/Src/main.o
                0x0000000020000028                contador
 *(COMMON)
 *fill*         0x0000000020000029        0x3 
 COMMON         0x000000002000002c       0x4c ./Core/Src/main.o
                0x000000002000002c                htim2
 COMMON         0x0000000020000078        0x4 ./Drivers/STM32G0xx_HAL_Driver/Src/stm32g0xx_hal.o
                0x0000000020000078                uwTick
                0x000000002000007c                . = ALIGN (0x4)
                0x000000002000007c                _ebss = .
                0x000000002000007c                __bss_end__ = _ebss

._user_heap_stack
                0x000000002000007c      0x604 load address 0x0000000008002138
                0x0000000020000080                . = ALIGN (0x8)
 *fill*         0x000000002000007c        0x4 
                [!provide]                        PROVIDE (end = .)
                0x0000000020000080                PROVIDE (_end = .)
                0x0000000020000280                . = (. + _Min_Heap_Size)
 *fill*         0x0000000020000080      0x200 
                0x0000000020000680                . = (. + _Min_Stack_Size)
 *fill*         0x0000000020000280      0x400 
                0x0000000020000680                . = ALIGN (0x8)

/DISCARD/
 libc.a(*)
 libm.a(*)
 libgcc.a(*)

.ARM.attributes
                0x0000000000000000       0x28
 *(.ARM.attributes)
 .ARM.attributes
                0x0000000000000000       0x1e /opt/st/stm32cubeide_1.8.0/plugins/com.st.stm32cube.ide.mcu.externaltools.gnu-tools-for-stm32.9-2020-q2-update.linux64_2.0.0.202105311346/tools/bin/../lib/gcc/arm-none-eabi/9.3.1/thumb/v6-m/nofp/crti.o
 .ARM.attributes
                0x000000000000001e       0x2c /opt/st/stm32cubeide_1.8.0/plugins/com.st.stm32cube.ide.mcu.externaltools.gnu-tools-for-stm32.9-2020-q2-update.linux64_2.0.0.202105311346/tools/bin/../lib/gcc/arm-none-eabi/9.3.1/thumb/v6-m/nofp/crtbegin.o
 .ARM.attributes
                0x000000000000004a       0x2c ./Core/Src/main.o
 .ARM.attributes
                0x0000000000000076       0x2c ./Core/Src/stm32g0xx_hal_msp.o
 .ARM.attributes
                0x00000000000000a2       0x2c ./Core/Src/stm32g0xx_it.o
 .ARM.attributes
                0x00000000000000ce       0x2c ./Core/Src/system_stm32g0xx.o
 .ARM.attributes
                0x00000000000000fa       0x22 ./Core/Startup/startup_stm32g0b1retx.o
 .ARM.attributes
                0x000000000000011c       0x2c ./Drivers/STM32G0xx_HAL_Driver/Src/stm32g0xx_hal.o
 .ARM.attributes
                0x0000000000000148       0x2c ./Drivers/STM32G0xx_HAL_Driver/Src/stm32g0xx_hal_cortex.o
 .ARM.attributes
                0x0000000000000174       0x2c ./Drivers/STM32G0xx_HAL_Driver/Src/stm32g0xx_hal_gpio.o
 .ARM.attributes
                0x00000000000001a0       0x2c ./Drivers/STM32G0xx_HAL_Driver/Src/stm32g0xx_hal_pwr_ex.o
 .ARM.attributes
                0x00000000000001cc       0x2c ./Drivers/STM32G0xx_HAL_Driver/Src/stm32g0xx_hal_rcc.o
 .ARM.attributes
                0x00000000000001f8       0x2c ./Drivers/STM32G0xx_HAL_Driver/Src/stm32g0xx_hal_tim.o
 .ARM.attributes
                0x0000000000000224       0x2c ./Drivers/STM32G0xx_HAL_Driver/Src/stm32g0xx_hal_tim_ex.o
 .ARM.attributes
                0x0000000000000250       0x2c /opt/st/stm32cubeide_1.8.0/plugins/com.st.stm32cube.ide.mcu.externaltools.gnu-tools-for-stm32.9-2020-q2-update.linux64_2.0.0.202105311346/tools/bin/../lib/gcc/arm-none-eabi/9.3.1/../../../../arm-none-eabi/lib/thumb/v6-m/nofp/libc_nano.a(lib_a-init.o)
 .ARM.attributes
                0x000000000000027c       0x2c /opt/st/stm32cubeide_1.8.0/plugins/com.st.stm32cube.ide.mcu.externaltools.gnu-tools-for-stm32.9-2020-q2-update.linux64_2.0.0.202105311346/tools/bin/../lib/gcc/arm-none-eabi/9.3.1/../../../../arm-none-eabi/lib/thumb/v6-m/nofp/libc_nano.a(lib_a-memset.o)
 .ARM.attributes
                0x00000000000002a8       0x1e /opt/st/stm32cubeide_1.8.0/plugins/com.st.stm32cube.ide.mcu.externaltools.gnu-tools-for-stm32.9-2020-q2-update.linux64_2.0.0.202105311346/tools/bin/../lib/gcc/arm-none-eabi/9.3.1/thumb/v6-m/nofp/libgcc.a(_udivsi3.o)
 .ARM.attributes
                0x00000000000002c6       0x1e /opt/st/stm32cubeide_1.8.0/plugins/com.st.stm32cube.ide.mcu.externaltools.gnu-tools-for-stm32.9-2020-q2-update.linux64_2.0.0.202105311346/tools/bin/../lib/gcc/arm-none-eabi/9.3.1/thumb/v6-m/nofp/libgcc.a(_dvmd_tls.o)
 .ARM.attributes
                0x00000000000002e4       0x1e /opt/st/stm32cubeide_1.8.0/plugins/com.st.stm32cube.ide.mcu.externaltools.gnu-tools-for-stm32.9-2020-q2-update.linux64_2.0.0.202105311346/tools/bin/../lib/gcc/arm-none-eabi/9.3.1/thumb/v6-m/nofp/crtn.o
OUTPUT(Exer_1.elf elf32-littlearm)
LOAD linker stubs
LOAD /opt/st/stm32cubeide_1.8.0/plugins/com.st.stm32cube.ide.mcu.externaltools.gnu-tools-for-stm32.9-2020-q2-update.linux64_2.0.0.202105311346/tools/bin/../lib/gcc/arm-none-eabi/9.3.1/../../../../arm-none-eabi/lib/thumb/v6-m/nofp/libc.a
LOAD /opt/st/stm32cubeide_1.8.0/plugins/com.st.stm32cube.ide.mcu.externaltools.gnu-tools-for-stm32.9-2020-q2-update.linux64_2.0.0.202105311346/tools/bin/../lib/gcc/arm-none-eabi/9.3.1/../../../../arm-none-eabi/lib/thumb/v6-m/nofp/libm.a
LOAD /opt/st/stm32cubeide_1.8.0/plugins/com.st.stm32cube.ide.mcu.externaltools.gnu-tools-for-stm32.9-2020-q2-update.linux64_2.0.0.202105311346/tools/bin/../lib/gcc/arm-none-eabi/9.3.1/thumb/v6-m/nofp/libgcc.a

.debug_info     0x0000000000000000     0xa657
 .debug_info    0x0000000000000000     0x104c ./Core/Src/main.o
 .debug_info    0x000000000000104c      0xc29 ./Core/Src/stm32g0xx_hal_msp.o
 .debug_info    0x0000000000001c75      0x9bb ./Core/Src/stm32g0xx_it.o
 .debug_info    0x0000000000002630      0x44c ./Core/Src/system_stm32g0xx.o
 .debug_info    0x0000000000002a7c       0x22 ./Core/Startup/startup_stm32g0b1retx.o
 .debug_info    0x0000000000002a9e      0xbfb ./Drivers/STM32G0xx_HAL_Driver/Src/stm32g0xx_hal.o
 .debug_info    0x0000000000003699      0xa5f ./Drivers/STM32G0xx_HAL_Driver/Src/stm32g0xx_hal_cortex.o
 .debug_info    0x00000000000040f8      0x799 ./Drivers/STM32G0xx_HAL_Driver/Src/stm32g0xx_hal_gpio.o
 .debug_info    0x0000000000004891      0xa53 ./Drivers/STM32G0xx_HAL_Driver/Src/stm32g0xx_hal_pwr_ex.o
 .debug_info    0x00000000000052e4      0xcb3 ./Drivers/STM32G0xx_HAL_Driver/Src/stm32g0xx_hal_rcc.o
 .debug_info    0x0000000000005f97     0x2d3c ./Drivers/STM32G0xx_HAL_Driver/Src/stm32g0xx_hal_tim.o
 .debug_info    0x0000000000008cd3     0x1984 ./Drivers/STM32G0xx_HAL_Driver/Src/stm32g0xx_hal_tim_ex.o

.debug_abbrev   0x0000000000000000     0x178f
 .debug_abbrev  0x0000000000000000      0x251 ./Core/Src/main.o
 .debug_abbrev  0x0000000000000251      0x1b7 ./Core/Src/stm32g0xx_hal_msp.o
 .debug_abbrev  0x0000000000000408      0x187 ./Core/Src/stm32g0xx_it.o
 .debug_abbrev  0x000000000000058f      0x165 ./Core/Src/system_stm32g0xx.o
 .debug_abbrev  0x00000000000006f4       0x12 ./Core/Startup/startup_stm32g0b1retx.o
 .debug_abbrev  0x0000000000000706      0x265 ./Drivers/STM32G0xx_HAL_Driver/Src/stm32g0xx_hal.o
 .debug_abbrev  0x000000000000096b      0x2c5 ./Drivers/STM32G0xx_HAL_Driver/Src/stm32g0xx_hal_cortex.o
 .debug_abbrev  0x0000000000000c30      0x1df ./Drivers/STM32G0xx_HAL_Driver/Src/stm32g0xx_hal_gpio.o
 .debug_abbrev  0x0000000000000e0f      0x245 ./Drivers/STM32G0xx_HAL_Driver/Src/stm32g0xx_hal_pwr_ex.o
 .debug_abbrev  0x0000000000001054      0x266 ./Drivers/STM32G0xx_HAL_Driver/Src/stm32g0xx_hal_rcc.o
 .debug_abbrev  0x00000000000012ba      0x26f ./Drivers/STM32G0xx_HAL_Driver/Src/stm32g0xx_hal_tim.o
 .debug_abbrev  0x0000000000001529      0x266 ./Drivers/STM32G0xx_HAL_Driver/Src/stm32g0xx_hal_tim_ex.o

.debug_aranges  0x0000000000000000      0xac8
 .debug_aranges
                0x0000000000000000       0x50 ./Core/Src/main.o
 .debug_aranges
                0x0000000000000050       0x30 ./Core/Src/stm32g0xx_hal_msp.o
 .debug_aranges
                0x0000000000000080       0x50 ./Core/Src/stm32g0xx_it.o
 .debug_aranges
                0x00000000000000d0       0x28 ./Core/Src/system_stm32g0xx.o
 .debug_aranges
                0x00000000000000f8       0x28 ./Core/Startup/startup_stm32g0b1retx.o
 .debug_aranges
                0x0000000000000120      0x130 ./Drivers/STM32G0xx_HAL_Driver/Src/stm32g0xx_hal.o
 .debug_aranges
                0x0000000000000250       0xd8 ./Drivers/STM32G0xx_HAL_Driver/Src/stm32g0xx_hal_cortex.o
 .debug_aranges
                0x0000000000000328       0x60 ./Drivers/STM32G0xx_HAL_Driver/Src/stm32g0xx_hal_gpio.o
 .debug_aranges
                0x0000000000000388      0x128 ./Drivers/STM32G0xx_HAL_Driver/Src/stm32g0xx_hal_pwr_ex.o
 .debug_aranges
                0x00000000000004b0       0xa0 ./Drivers/STM32G0xx_HAL_Driver/Src/stm32g0xx_hal_rcc.o
 .debug_aranges
                0x0000000000000550      0x3e0 ./Drivers/STM32G0xx_HAL_Driver/Src/stm32g0xx_hal_tim.o
 .debug_aranges
                0x0000000000000930      0x198 ./Drivers/STM32G0xx_HAL_Driver/Src/stm32g0xx_hal_tim_ex.o

.debug_ranges   0x0000000000000000      0xa10
 .debug_ranges  0x0000000000000000       0x40 ./Core/Src/main.o
 .debug_ranges  0x0000000000000040       0x20 ./Core/Src/stm32g0xx_hal_msp.o
 .debug_ranges  0x0000000000000060       0x40 ./Core/Src/stm32g0xx_it.o
 .debug_ranges  0x00000000000000a0       0x18 ./Core/Src/system_stm32g0xx.o
 .debug_ranges  0x00000000000000b8       0x20 ./Core/Startup/startup_stm32g0b1retx.o
 .debug_ranges  0x00000000000000d8      0x120 ./Drivers/STM32G0xx_HAL_Driver/Src/stm32g0xx_hal.o
 .debug_ranges  0x00000000000001f8       0xc8 ./Drivers/STM32G0xx_HAL_Driver/Src/stm32g0xx_hal_cortex.o
 .debug_ranges  0x00000000000002c0       0x50 ./Drivers/STM32G0xx_HAL_Driver/Src/stm32g0xx_hal_gpio.o
 .debug_ranges  0x0000000000000310      0x118 ./Drivers/STM32G0xx_HAL_Driver/Src/stm32g0xx_hal_pwr_ex.o
 .debug_ranges  0x0000000000000428       0x90 ./Drivers/STM32G0xx_HAL_Driver/Src/stm32g0xx_hal_rcc.o
 .debug_ranges  0x00000000000004b8      0x3d0 ./Drivers/STM32G0xx_HAL_Driver/Src/stm32g0xx_hal_tim.o
 .debug_ranges  0x0000000000000888      0x188 ./Drivers/STM32G0xx_HAL_Driver/Src/stm32g0xx_hal_tim_ex.o

.debug_macro    0x0000000000000000    0x1a811
 .debug_macro   0x0000000000000000      0x1da ./Core/Src/main.o
 .debug_macro   0x00000000000001da      0xa7e ./Core/Src/main.o
 .debug_macro   0x0000000000000c58      0x124 ./Core/Src/main.o
 .debug_macro   0x0000000000000d7c       0x2e ./Core/Src/main.o
 .debug_macro   0x0000000000000daa       0x28 ./Core/Src/main.o
 .debug_macro   0x0000000000000dd2       0x22 ./Core/Src/main.o
 .debug_macro   0x0000000000000df4       0x8e ./Core/Src/main.o
 .debug_macro   0x0000000000000e82       0x51 ./Core/Src/main.o
 .debug_macro   0x0000000000000ed3      0x103 ./Core/Src/main.o
 .debug_macro   0x0000000000000fd6       0x6a ./Core/Src/main.o
 .debug_macro   0x0000000000001040      0x1df ./Core/Src/main.o
 .debug_macro   0x000000000000121f       0x1c ./Core/Src/main.o
 .debug_macro   0x000000000000123b       0x22 ./Core/Src/main.o
 .debug_macro   0x000000000000125d       0xd7 ./Core/Src/main.o
 .debug_macro   0x0000000000001334      0x4da ./Core/Src/main.o
 .debug_macro   0x000000000000180e      0x11f ./Core/Src/main.o
 .debug_macro   0x000000000000192d     0xf17d ./Core/Src/main.o
 .debug_macro   0x0000000000010aaa       0x66 ./Core/Src/main.o
 .debug_macro   0x0000000000010b10     0x34e5 ./Core/Src/main.o
 .debug_macro   0x0000000000013ff5      0x174 ./Core/Src/main.o
 .debug_macro   0x0000000000014169       0x5c ./Core/Src/main.o
 .debug_macro   0x00000000000141c5      0x72c ./Core/Src/main.o
 .debug_macro   0x00000000000148f1     0x150a ./Core/Src/main.o
 .debug_macro   0x0000000000015dfb      0x535 ./Core/Src/main.o
 .debug_macro   0x0000000000016330      0x1d0 ./Core/Src/main.o
 .debug_macro   0x0000000000016500      0x25c ./Core/Src/main.o
 .debug_macro   0x000000000001675c      0x4f5 ./Core/Src/main.o
 .debug_macro   0x0000000000016c51      0x280 ./Core/Src/main.o
 .debug_macro   0x0000000000016ed1      0x417 ./Core/Src/main.o
 .debug_macro   0x00000000000172e8      0x1b2 ./Core/Src/main.o
 .debug_macro   0x000000000001749a       0x43 ./Core/Src/main.o
 .debug_macro   0x00000000000174dd      0x1f1 ./Core/Src/main.o
 .debug_macro   0x00000000000176ce      0x1e4 ./Core/Src/main.o
 .debug_macro   0x00000000000178b2      0x3fa ./Core/Src/main.o
 .debug_macro   0x0000000000017cac       0x28 ./Core/Src/main.o
 .debug_macro   0x0000000000017cd4      0x123 ./Core/Src/main.o
 .debug_macro   0x0000000000017df7      0x145 ./Core/Src/main.o
 .debug_macro   0x0000000000017f3c      0x30b ./Core/Src/main.o
 .debug_macro   0x0000000000018247      0xac2 ./Core/Src/main.o
 .debug_macro   0x0000000000018d09      0x23a ./Core/Src/main.o
 .debug_macro   0x0000000000018f43      0x5df ./Core/Src/main.o
 .debug_macro   0x0000000000019522       0x22 ./Core/Src/main.o
 .debug_macro   0x0000000000019544      0x1da ./Core/Src/stm32g0xx_hal_msp.o
 .debug_macro   0x000000000001971e      0x1e4 ./Core/Src/stm32g0xx_it.o
 .debug_macro   0x0000000000019902      0x1cb ./Core/Src/system_stm32g0xx.o
 .debug_macro   0x0000000000019acd      0x1ef ./Drivers/STM32G0xx_HAL_Driver/Src/stm32g0xx_hal.o
 .debug_macro   0x0000000000019cbc      0x1cb ./Drivers/STM32G0xx_HAL_Driver/Src/stm32g0xx_hal_cortex.o
 .debug_macro   0x0000000000019e87      0x1d2 ./Drivers/STM32G0xx_HAL_Driver/Src/stm32g0xx_hal_gpio.o
 .debug_macro   0x000000000001a059      0x1f5 ./Drivers/STM32G0xx_HAL_Driver/Src/stm32g0xx_hal_pwr_ex.o
 .debug_macro   0x000000000001a24e      0x21f ./Drivers/STM32G0xx_HAL_Driver/Src/stm32g0xx_hal_rcc.o
 .debug_macro   0x000000000001a46d      0x1d3 ./Drivers/STM32G0xx_HAL_Driver/Src/stm32g0xx_hal_tim.o
 .debug_macro   0x000000000001a640      0x1d1 ./Drivers/STM32G0xx_HAL_Driver/Src/stm32g0xx_hal_tim_ex.o

.debug_line     0x0000000000000000     0xafaa
 .debug_line    0x0000000000000000      0x7fa ./Core/Src/main.o
 .debug_line    0x00000000000007fa      0x6ee ./Core/Src/stm32g0xx_hal_msp.o
 .debug_line    0x0000000000000ee8      0x747 ./Core/Src/stm32g0xx_it.o
 .debug_line    0x000000000000162f      0x725 ./Core/Src/system_stm32g0xx.o
 .debug_line    0x0000000000001d54       0x89 ./Core/Startup/startup_stm32g0b1retx.o
 .debug_line    0x0000000000001ddd      0xa8b ./Drivers/STM32G0xx_HAL_Driver/Src/stm32g0xx_hal.o
 .debug_line    0x0000000000002868      0xadc ./Drivers/STM32G0xx_HAL_Driver/Src/stm32g0xx_hal_cortex.o
 .debug_line    0x0000000000003344      0xada ./Drivers/STM32G0xx_HAL_Driver/Src/stm32g0xx_hal_gpio.o
 .debug_line    0x0000000000003e1e      0xb3c ./Drivers/STM32G0xx_HAL_Driver/Src/stm32g0xx_hal_pwr_ex.o
 .debug_line    0x000000000000495a      0xee4 ./Drivers/STM32G0xx_HAL_Driver/Src/stm32g0xx_hal_rcc.o
 .debug_line    0x000000000000583e     0x3b66 ./Drivers/STM32G0xx_HAL_Driver/Src/stm32g0xx_hal_tim.o
 .debug_line    0x00000000000093a4     0x1c06 ./Drivers/STM32G0xx_HAL_Driver/Src/stm32g0xx_hal_tim_ex.o

.debug_str      0x0000000000000000    0xb005d
 .debug_str     0x0000000000000000    0xad872 ./Core/Src/main.o
                                      0xae041 (size before relaxing)
 .debug_str     0x00000000000ad872       0x62 ./Core/Src/stm32g0xx_hal_msp.o
                                      0xadd57 (size before relaxing)
 .debug_str     0x00000000000ad8d4       0x9a ./Core/Src/stm32g0xx_it.o
                                      0xadabc (size before relaxing)
 .debug_str     0x00000000000ad96e       0x62 ./Core/Src/system_stm32g0xx.o
                                      0xad4e0 (size before relaxing)
 .debug_str     0x00000000000ad9d0       0x36 ./Core/Startup/startup_stm32g0b1retx.o
                                         0x76 (size before relaxing)
 .debug_str     0x00000000000ada06      0x593 ./Drivers/STM32G0xx_HAL_Driver/Src/stm32g0xx_hal.o
                                      0xadd1f (size before relaxing)
 .debug_str     0x00000000000adf99      0x2cf ./Drivers/STM32G0xx_HAL_Driver/Src/stm32g0xx_hal_cortex.o
                                      0xad9e2 (size before relaxing)
 .debug_str     0x00000000000ae268      0x180 ./Drivers/STM32G0xx_HAL_Driver/Src/stm32g0xx_hal_gpio.o
                                      0xad66f (size before relaxing)
 .debug_str     0x00000000000ae3e8      0x410 ./Drivers/STM32G0xx_HAL_Driver/Src/stm32g0xx_hal_pwr_ex.o
                                      0xada7e (size before relaxing)
 .debug_str     0x00000000000ae7f8      0x3ef ./Drivers/STM32G0xx_HAL_Driver/Src/stm32g0xx_hal_rcc.o
                                      0xadba0 (size before relaxing)
 .debug_str     0x00000000000aebe7      0xe09 ./Drivers/STM32G0xx_HAL_Driver/Src/stm32g0xx_hal_tim.o
                                      0xae985 (size before relaxing)
 .debug_str     0x00000000000af9f0      0x66d ./Drivers/STM32G0xx_HAL_Driver/Src/stm32g0xx_hal_tim_ex.o
                                      0xae2cc (size before relaxing)

.comment        0x0000000000000000       0x53
 .comment       0x0000000000000000       0x53 ./Core/Src/main.o
                                         0x54 (size before relaxing)
 .comment       0x0000000000000053       0x54 ./Core/Src/stm32g0xx_hal_msp.o
 .comment       0x0000000000000053       0x54 ./Core/Src/stm32g0xx_it.o
 .comment       0x0000000000000053       0x54 ./Core/Src/system_stm32g0xx.o
 .comment       0x0000000000000053       0x54 ./Drivers/STM32G0xx_HAL_Driver/Src/stm32g0xx_hal.o
 .comment       0x0000000000000053       0x54 ./Drivers/STM32G0xx_HAL_Driver/Src/stm32g0xx_hal_cortex.o
 .comment       0x0000000000000053       0x54 ./Drivers/STM32G0xx_HAL_Driver/Src/stm32g0xx_hal_gpio.o
 .comment       0x0000000000000053       0x54 ./Drivers/STM32G0xx_HAL_Driver/Src/stm32g0xx_hal_pwr_ex.o
 .comment       0x0000000000000053       0x54 ./Drivers/STM32G0xx_HAL_Driver/Src/stm32g0xx_hal_rcc.o
 .comment       0x0000000000000053       0x54 ./Drivers/STM32G0xx_HAL_Driver/Src/stm32g0xx_hal_tim.o
 .comment       0x0000000000000053       0x54 ./Drivers/STM32G0xx_HAL_Driver/Src/stm32g0xx_hal_tim_ex.o

.debug_frame    0x0000000000000000     0x268c
 .debug_frame   0x0000000000000000       0xe8 ./Core/Src/main.o
 .debug_frame   0x00000000000000e8       0x70 ./Core/Src/stm32g0xx_hal_msp.o
 .debug_frame   0x0000000000000158       0xd4 ./Core/Src/stm32g0xx_it.o
 .debug_frame   0x000000000000022c       0x4c ./Core/Src/system_stm32g0xx.o
 .debug_frame   0x0000000000000278      0x41c ./Drivers/STM32G0xx_HAL_Driver/Src/stm32g0xx_hal.o
 .debug_frame   0x0000000000000694      0x2fc ./Drivers/STM32G0xx_HAL_Driver/Src/stm32g0xx_hal_cortex.o
 .debug_frame   0x0000000000000990      0x130 ./Drivers/STM32G0xx_HAL_Driver/Src/stm32g0xx_hal_gpio.o
 .debug_frame   0x0000000000000ac0      0x3f4 ./Drivers/STM32G0xx_HAL_Driver/Src/stm32g0xx_hal_pwr_ex.o
 .debug_frame   0x0000000000000eb4      0x214 ./Drivers/STM32G0xx_HAL_Driver/Src/stm32g0xx_hal_rcc.o
 .debug_frame   0x00000000000010c8      0xf38 ./Drivers/STM32G0xx_HAL_Driver/Src/stm32g0xx_hal_tim.o
 .debug_frame   0x0000000000002000      0x620 ./Drivers/STM32G0xx_HAL_Driver/Src/stm32g0xx_hal_tim_ex.o
 .debug_frame   0x0000000000002620       0x2c /opt/st/stm32cubeide_1.8.0/plugins/com.st.stm32cube.ide.mcu.externaltools.gnu-tools-for-stm32.9-2020-q2-update.linux64_2.0.0.202105311346/tools/bin/../lib/gcc/arm-none-eabi/9.3.1/../../../../arm-none-eabi/lib/thumb/v6-m/nofp/libc_nano.a(lib_a-init.o)
 .debug_frame   0x000000000000264c       0x20 /opt/st/stm32cubeide_1.8.0/plugins/com.st.stm32cube.ide.mcu.externaltools.gnu-tools-for-stm32.9-2020-q2-update.linux64_2.0.0.202105311346/tools/bin/../lib/gcc/arm-none-eabi/9.3.1/../../../../arm-none-eabi/lib/thumb/v6-m/nofp/libc_nano.a(lib_a-memset.o)
 .debug_frame   0x000000000000266c       0x20 /opt/st/stm32cubeide_1.8.0/plugins/com.st.stm32cube.ide.mcu.externaltools.gnu-tools-for-stm32.9-2020-q2-update.linux64_2.0.0.202105311346/tools/bin/../lib/gcc/arm-none-eabi/9.3.1/thumb/v6-m/nofp/libgcc.a(_udivsi3.o)
